// Jest Snapshot v1, https://goo.gl/fbAQLP

exports[`react should inject store to a component 1`] = `"<div>a label</div>"`;

exports[`react should provide store as context and dispatch an INIT event 1`] = `
Object {
  "dispatch": Array [
    Array [
      "@@krml/INIT",
    ],
  ],
  "html": "<div>{\\"this\\":\\"is my store\\"}</div>",
}
`;

exports[`react should refresh when props changes 1`] = `"<div>a label-2</div>"`;

exports[`react should refresh when store changes 1`] = `"<div>an other label</div>"`;
